Microchip MPLAB XC8 Compiler V1.33 ()

Linker command line:

--edf=C:\Program Files (x86)\Microchip\xc8\v1.33\dat\en_msgs.txt -cs \
  -h+SignalAcquisition.sym --cmf=SignalAcquisition.cmf -z -Q16F886 \
  -oC:\Users\timof\AppData\Local\Temp\sad0.6 -MSignalAcquisition.map -E1 \
  -ver=XC8 -ASTACK=0110h-016fh -pstack=STACK -ACONST=00h-0FFhx32 \
  -ACODE=00h-07FFhx4 -ASTRCODE=00h-01FFFh -AENTRY=00h-0FFhx32 \
  -ASTRING=00h-0FFhx32 -ACOMMON=070h-07Fh -ABANK0=020h-06Fh \
  -ABANK1=0A0h-0EFh -ABANK2=0110h-016Fh -ABANK3=0190h-01EFh \
  -ARAM=020h-06Fh,0A0h-0EFh,0110h-016Fh,0190h-01EFh \
  -AABS1=020h-07Fh,0A0h-0EFh,0110h-016Fh,0190h-01EFh -ASFR0=00h-01Fh \
  -ASFR1=080h-09Fh -ASFR2=0100h-010Fh -ASFR3=0180h-018Fh \
  -preset_vec=00h,intentry=04h,init,end_init -ppowerup=CODE -pcinit=CODE \
  -pfunctab=CODE -ACONFIG=02007h-02008h -pconfig=CONFIG -DCONFIG=2 \
  -AIDLOC=02000h-02003h -pidloc=IDLOC -DIDLOC=2 -AEEDATA=00h-0FFh/02100h \
  -peeprom_data=EEDATA -DEEDATA=2 -DCODE=2 -DSTRCODE=2 -DSTRING=2 -DCONST=2 \
  -DENTRY=2 -k startup.obj SignalAcquisition.obj 

Object code version is 3.11

Machine type is 16F886



                Name                               Link     Load   Length Selector   Space Scale
startup.obj     end_init                             12       12        3        8       0
                reset_vec                             0        0        3        0       0
SignalAcquisition.obj
                cinit                                15       15       11        8       0
                intentry                              4        4        E        8       0
                text13                              5CD      5CD       34        8       0
                text12                              601      601       32        8       0
                text11                              65B      65B       1E        8       0
                text10                              679      679       19        8       0
                text9                               633      633       28        8       0
                text8                               45B      45B       60        8       0
                text7                               516      516       41        8       0
                text6                               3CC      3CC       8F        8       0
                text5                               557      557       40        8       0
                text4                               597      597       36        8       0
                text3                               69A      69A        8        8       0
                text2                               4BB      4BB       5B        8       0
                text1                               2AD      2AD      11F        8       0
                maintext                             26       26      287        8       0
                cstackBANK0                          20       20       25       20       1
                cstackCOMMON                         70       70        8       70       1
                clrtext                             692      692        8        8       0
                bssBANK0                             45       45       18       20       1
                bssCOMMON                            78       78        6       70       1

TOTAL           Name                               Link     Load   Length     Space
        CLASS   STACK          

        CLASS   CONST          

        CLASS   CODE           
                end_init                             12       12        3         0
                cinit                                15       15       11         0
                intentry                              4        4        E         0
                reset_vec                             0        0        3         0
                text13                              5CD      5CD       34         0
                text12                              601      601       32         0
                text11                              65B      65B       1E         0
                text10                              679      679       19         0
                text9                               633      633       28         0
                text8                               45B      45B       60         0
                text7                               516      516       41         0
                text6                               3CC      3CC       8F         0
                text5                               557      557       40         0
                text4                               597      597       36         0
                text3                               69A      69A        8         0
                text2                               4BB      4BB       5B         0
                text1                               2AD      2AD      11F         0
                maintext                             26       26      287         0
                clrtext                             692      692        8         0

        CLASS   STRCODE        

        CLASS   ENTRY          

        CLASS   STRING         

        CLASS   COMMON         
                cstackCOMMON                         70       70        8         1
                bssCOMMON                            78       78        6         1

        CLASS   BANK0          
                cstackBANK0                          20       20       25         1
                bssBANK0                             45       45       18         1

        CLASS   BANK1          

        CLASS   BANK2          

        CLASS   BANK3          

        CLASS   RAM            

        CLASS   ABS1           
                abs_s1                               7E       7E        2         1

        CLASS   SFR0           

        CLASS   SFR1           

        CLASS   SFR2           

        CLASS   SFR3           

        CLASS   CONFIG         

        CLASS   IDLOC          

        CLASS   EEDATA         



SEGMENTS        Name                           Load    Length   Top    Selector   Space  Class     Delta

                reset_vec                      000000  000003  000003         0       0  CODE        2
                intentry                       000004  00069E  0006A2         8       0  CODE        2
                cstackBANK0                    000020  00003D  00005D        20       1  BANK0       1
                cstackCOMMON                   000070  00000E  00007E        70       1  COMMON      1


UNUSED ADDRESS RANGES

        Name                Unused          Largest block    Delta
        BANK0            05D-06F            13           1
        BANK1            0A0-0EF            50           1
        BANK2            110-16F            60           1
        BANK3            190-1EF            60           1
        CODE             003-003             1           2
                         6A2-1FFF           800
        CONFIG           2007-2008             2           2
        CONST            003-003             1           2
                         6A2-1FFF           100
        EEDATA           2100-21FF           100           2
        ENTRY            003-003             1           2
                         6A2-1FFF           100
        IDLOC            2000-2003             4           2
        RAM              05D-06F            13           1
                         0A0-0EF            50
                         110-16F            60
                         190-1EF            60
        SFR0             000-01F            20           1
        SFR1             080-09F            20           1
        SFR2             100-10F            10           1
        SFR3             180-18F            10           1
        STACK            110-16F            60           1
        STRCODE          003-003             1           2
                         6A2-1FFF          195E
        STRING           003-003             1           2
                         6A2-1FFF           100

                                  Symbol Table

?_Citeste_ADC            cstackBANK0  020
?___aldiv                cstackBANK0  020
?___lldiv                cstackBANK0  02D
?___lmul                 cstackBANK0  020
?___lwdiv                cstackBANK0  020
?___lwmod                cstackBANK0  028
Citeste_ADC@z            cstackBANK0  020
_ADCS0                   (abs)        0FE
_ADCS1                   (abs)        0FF
_ADFM                    (abs)        4FF
_ADIE                    (abs)        466
_ADIF                    (abs)        066
_ADON                    (abs)        0F8
_ADRESH                  (abs)        01E
_ADRESL                  (abs)        09E
_ANSEL                   (abs)        188
_ANSELH                  (abs)        189
_BRG16                   (abs)        C3B
_BRGH                    (abs)        4C2
_CHS0                    (abs)        0FA
_CHS1                    (abs)        0FB
_CHS2                    (abs)        0FC
_CREN                    (abs)        0C4
_Citeste_ADC             text12       601
_GIE                     (abs)        05F
_GO                      (abs)        0F9
_INTCON                  (abs)        00B
_ISR                     text13       5CD
_Imon_f                  bssBANK0     045
_Init_ADC                text11       65B
_Init_PIC                text9        633
_Init_UART               text10       679
_OERR                    (abs)        0C1
_OSCCON                  (abs)        08F
_PEIE                    (abs)        05E
_PORTA                   (abs)        005
_PORTB                   (abs)        006
_PORTC                   (abs)        007
_RB4                     (abs)        034
_RCIE                    (abs)        465
_RCIF                    (abs)        065
_RCREG                   (abs)        01A
_RX9                     (abs)        0C6
_SPBRG                   (abs)        099
_SPEN                    (abs)        0C7
_SYNC                    (abs)        4C4
_Speed_f                 bssBANK0     049
_T1CON                   (abs)        010
_TMR1H                   (abs)        00F
_TMR1IE                  (abs)        460
_TMR1IF                  (abs)        060
_TMR1L                   (abs)        00E
_TRISA                   (abs)        085
_TRISB                   (abs)        086
_TRISC                   (abs)        087
_TRISC6                  (abs)        43E
_TRISC7                  (abs)        43F
_TX9                     (abs)        4C6
_TXEN                    (abs)        4C5
_TXIE                    (abs)        464
_TXIF                    (abs)        064
_TXREG                   (abs)        019
_VCFG0                   (abs)        4FC
_VCFG1                   (abs)        4FD
_Vmon1_f                 bssBANK0     04D
_Vmon2_f                 bssBANK0     051
_Vmon3_f                 bssBANK0     055
__Habs1                  abs1         000
__Hbank0                 bank0        000
__Hbank1                 bank1        000
__Hbank2                 bank2        000
__Hbank3                 bank3        000
__HbssBANK0              bssBANK0     000
__HbssCOMMON             bssCOMMON    000
__Hcinit                 cinit        026
__Hclrtext               clrtext      000
__Hcode                  code         000
__Hcommon                common       000
__Hconfig                config       000
__HcstackBANK0           cstackBANK0  000
__HcstackCOMMON          cstackCOMMON 000
__Heeprom_data           eeprom_data  000
__Hend_init              end_init     015
__Hfunctab               functab      000
__Hidloc                 idloc        000
__Hinit                  init         012
__Hintentry              intentry     012
__Hmaintext              maintext     000
__Hpowerup               powerup      000
__Hram                   ram          000
__Hreset_vec             reset_vec    003
__Hsfr0                  sfr0         000
__Hsfr1                  sfr1         000
__Hsfr2                  sfr2         000
__Hsfr3                  sfr3         000
__Hspace_0               (abs)        6A2
__Hspace_1               (abs)        07E
__Hspace_2               (abs)        000
__Hspace_3               (abs)        000
__Hstack                 stack        000
__Hstrings               strings      000
__Htext                  text         000
__Labs1                  abs1         000
__Lbank0                 bank0        000
__Lbank1                 bank1        000
__Lbank2                 bank2        000
__Lbank3                 bank3        000
__LbssBANK0              bssBANK0     000
__LbssCOMMON             bssCOMMON    000
__Lcinit                 cinit        015
__Lclrtext               clrtext      000
__Lcode                  code         000
__Lcommon                common       000
__Lconfig                config       000
__LcstackBANK0           cstackBANK0  000
__LcstackCOMMON          cstackCOMMON 000
__Leeprom_data           eeprom_data  000
__Lend_init              end_init     012
__Lfunctab               functab      000
__Lidloc                 idloc        000
__Linit                  init         012
__Lintentry              intentry     004
__Lmaintext              maintext     000
__Lpowerup               powerup      000
__Lram                   ram          000
__Lreset_vec             reset_vec    000
__Lsfr0                  sfr0         000
__Lsfr1                  sfr1         000
__Lsfr2                  sfr2         000
__Lsfr3                  sfr3         000
__Lspace_0               (abs)        000
__Lspace_1               (abs)        000
__Lspace_2               (abs)        000
__Lspace_3               (abs)        000
__Lstack                 stack        000
__Lstrings               strings      000
__Ltext                  text         000
__S0                     (abs)        6A2
__S1                     (abs)        07E
__S2                     (abs)        000
__S3                     (abs)        000
___aldiv                 text6        3CC
___aldiv@counter         cstackBANK0  029
___aldiv@dividend        cstackBANK0  024
___aldiv@divisor         cstackBANK0  020
___aldiv@quotient        cstackBANK0  02B
___aldiv@sign            cstackBANK0  02A
___int_sp                stack        000
___latbits               (abs)        002
___lldiv                 text8        45B
___lldiv@counter         cstackBANK0  03A
___lldiv@dividend        cstackBANK0  031
___lldiv@divisor         cstackBANK0  02D
___lldiv@quotient        cstackBANK0  036
___lmul                  text7        516
___lmul@multiplicand     cstackBANK0  024
___lmul@multiplier       cstackBANK0  020
___lmul@product          cstackBANK0  029
___lwdiv                 text5        557
___lwdiv@counter         cstackBANK0  027
___lwdiv@dividend        cstackBANK0  022
___lwdiv@divisor         cstackBANK0  020
___lwdiv@quotient        cstackBANK0  025
___lwmod                 text4        597
___lwmod@counter         cstackBANK0  02D
___lwmod@dividend        cstackBANK0  02A
___lwmod@divisor         cstackBANK0  028
___sp                    stack        000
__end_of_Citeste_ADC     text12       633
__end_of_ISR             text13       601
__end_of_Init_ADC        text11       679
__end_of_Init_PIC        text9        65B
__end_of_Init_UART       text10       692
__end_of___aldiv         text6        45B
__end_of___lldiv         text8        4BB
__end_of___lmul          text7        557
__end_of___lwdiv         text5        597
__end_of___lwmod         text4        5CD
__end_of__initialization cinit        022
__end_of_main            maintext     2AD
__end_of_nr              text2        516
__end_of_send_nr         text1        3CC
__end_of_uart_send       text3        6A2
__initialization         cinit        015
__pbssBANK0              bssBANK0     045
__pbssCOMMON             bssCOMMON    078
__pcstackBANK0           cstackBANK0  020
__pcstackCOMMON          cstackCOMMON 070
__pintentry              intentry     004
__pmaintext              maintext     026
__ptext0                 text0        000
__ptext1                 text1        2AD
__ptext10                text10       679
__ptext11                text11       65B
__ptext12                text12       601
__ptext13                text13       5CD
__ptext2                 text2        4BB
__ptext3                 text3        69A
__ptext4                 text4        597
__ptext5                 text5        557
__ptext6                 text6        3CC
__ptext7                 text7        516
__ptext8                 text8        45B
__ptext9                 text9        633
__size_of_Citeste_ADC    (abs)        000
__size_of_ISR            (abs)        000
__size_of_Init_ADC       (abs)        000
__size_of_Init_PIC       (abs)        000
__size_of_Init_UART      (abs)        000
__size_of___aldiv        (abs)        000
__size_of___lldiv        (abs)        000
__size_of___lmul         (abs)        000
__size_of___lwdiv        (abs)        000
__size_of___lwmod        (abs)        000
__size_of_main           (abs)        000
__size_of_nr             (abs)        000
__size_of_send_nr        (abs)        000
__size_of_uart_send      (abs)        000
_data                    bssCOMMON    07D
_main                    maintext     026
_main$532                cstackBANK0  041
_nr                      text2        4BB
_send_nr                 text1        2AD
_time                    bssBANK0     059
_uart_send               text3        69A
_y                       bssCOMMON    07B
_z                       bssCOMMON    078
btemp                    (abs)        07E
clear_ram0               clrtext      692
end_of_initialization    cinit        022
interrupt_function       intentry     004
intlevel0                functab      000
intlevel1                functab      000
intlevel2                functab      000
intlevel3                functab      000
intlevel4                functab      000
intlevel5                functab      000
ltemp                    (abs)        07E
ltemp0                   (abs)        07E
ltemp1                   (abs)        082
ltemp2                   (abs)        086
ltemp3                   (abs)        080
nr@nr                    cstackBANK0  021
reset_vec                reset_vec    000
saved_w                  (abs)        07E
send_nr@a                cstackBANK0  031
send_nr@b                cstackBANK0  033
send_nr@c                cstackBANK0  035
send_nr@d                cstackBANK0  037
send_nr@e                cstackBANK0  039
send_nr@f                cstackBANK0  03B
send_nr@numar            cstackBANK0  02F
stackhi                  (abs)        000
stacklo                  (abs)        000
start                    init         012
start_initialization     cinit        015
ttemp                    (abs)        07E
ttemp0                   (abs)        07E
ttemp1                   (abs)        081
ttemp2                   (abs)        084
ttemp3                   (abs)        087
ttemp4                   (abs)        07F
uart_send@d              cstackBANK0  020
wtemp                    (abs)        07E
wtemp0                   (abs)        07E
wtemp1                   (abs)        080
wtemp2                   (abs)        082
wtemp3                   (abs)        084
wtemp4                   (abs)        086
wtemp5                   (abs)        088
wtemp6                   (abs)        07F


FUNCTION INFORMATION:

 *************** function _main *****************
 Defined at:
		line 37 in file "E:\Work\Git\EBike_HW\SignalAcquisition\SW\PIC16F886\main.c"
 Parameters:    Size  Location     Type
		None
 Auto vars:     Size  Location     Type
		None
 Return value:  Size  Location     Type
		None               void
 Registers used:
		wreg, fsr0l, fsr0h, status,2, status,0, pclath, cstack
 Tracked objects:
		On entry : 
		On exit  : 
		Unchanged: 
 Data sizes:     COMMON   BANK0   BANK1   BANK3   BANK2
      Params:         0       0       0       0       0
      Locals:         0       4       0       0       0
      Temps:          0       4       0       0       0
      Totals:         0       8       0       0       0
Total ram usage:        8 bytes
 Hardware stack levels required when called:    4
 This function calls:
		_Citeste_ADC
		_Init_PIC
		___lldiv
		___lmul
		_send_nr
		_uart_send
 This function is called by:
		Startup code after reset
 This function uses a non-reentrant model


 *************** function _send_nr *****************
 Defined at:
		line 59 in file "E:\Work\Git\EBike_HW\SignalAcquisition\SW\PIC16F886\uart.c"
 Parameters:    Size  Location     Type
  numar           2   15[BANK0 ] unsigned int 
 Auto vars:     Size  Location     Type
  f               2   27[BANK0 ] unsigned int 
  e               2   25[BANK0 ] unsigned int 
  d               2   23[BANK0 ] unsigned int 
  c               2   21[BANK0 ] unsigned int 
  b               2   19[BANK0 ] unsigned int 
  a               2   17[BANK0 ] unsigned int 
 Return value:  Size  Location     Type
		None               void
 Registers used:
		wreg, fsr0l, fsr0h, status,2, status,0, pclath, cstack
 Tracked objects:
		On entry : 
		On exit  : 
		Unchanged: 
 Data sizes:     COMMON   BANK0   BANK1   BANK3   BANK2
      Params:         0       2       0       0       0
      Locals:         0      12       0       0       0
      Temps:          0       0       0       0       0
      Totals:         0      14       0       0       0
Total ram usage:       14 bytes
 Hardware stack levels used:    1
 Hardware stack levels required when called:    3
 This function calls:
		___aldiv
		___lwdiv
		___lwmod
		_nr
 This function is called by:
		_main
 This function uses a non-reentrant model


 *************** function _nr *****************
 Defined at:
		line 77 in file "E:\Work\Git\EBike_HW\SignalAcquisition\SW\PIC16F886\uart.c"
 Parameters:    Size  Location     Type
  nr              2    1[BANK0 ] unsigned int 
 Auto vars:     Size  Location     Type
		None
 Return value:  Size  Location     Type
		None               void
 Registers used:
		wreg, fsr0l, fsr0h, status,2, status,0, pclath, cstack
 Tracked objects:
		On entry : 
		On exit  : 
		Unchanged: 
 Data sizes:     COMMON   BANK0   BANK1   BANK3   BANK2
      Params:         0       2       0       0       0
      Locals:         0       0       0       0       0
      Temps:          0       0       0       0       0
      Totals:         0       2       0       0       0
Total ram usage:        2 bytes
 Hardware stack levels used:    1
 Hardware stack levels required when called:    2
 This function calls:
		_uart_send
 This function is called by:
		_send_nr
 This function uses a non-reentrant model


 *************** function _uart_send *****************
 Defined at:
		line 48 in file "E:\Work\Git\EBike_HW\SignalAcquisition\SW\PIC16F886\uart.c"
 Parameters:    Size  Location     Type
  d               1    wreg     unsigned char 
 Auto vars:     Size  Location     Type
  d               1    0[BANK0 ] unsigned char 
 Return value:  Size  Location     Type
		None               void
 Registers used:
		wreg
 Tracked objects:
		On entry : 
		On exit  : 
		Unchanged: 
 Data sizes:     COMMON   BANK0   BANK1   BANK3   BANK2
      Params:         0       0       0       0       0
      Locals:         0       1       0       0       0
      Temps:          0       0       0       0       0
      Totals:         0       1       0       0       0
Total ram usage:        1 bytes
 Hardware stack levels used:    1
 Hardware stack levels required when called:    1
 This function calls:
		Nothing
 This function is called by:
		_main
		_nr
		_uart_str
 This function uses a non-reentrant model


 *************** function ___lwmod *****************
 Defined at:
		line 6 in file "C:\Program Files (x86)\Microchip\xc8\v1.33\sources\common\lwmod.c"
 Parameters:    Size  Location     Type
  divisor         2    8[BANK0 ] unsigned int 
  dividend        2   10[BANK0 ] unsigned int 
 Auto vars:     Size  Location     Type
  counter         1   13[BANK0 ] unsigned char 
 Return value:  Size  Location     Type
                  2    8[BANK0 ] unsigned int 
 Registers used:
		wreg, status,2, status,0
 Tracked objects:
		On entry : 
		On exit  : 
		Unchanged: 
 Data sizes:     COMMON   BANK0   BANK1   BANK3   BANK2
      Params:         0       4       0       0       0
      Locals:         0       1       0       0       0
      Temps:          0       1       0       0       0
      Totals:         0       6       0       0       0
Total ram usage:        6 bytes
 Hardware stack levels used:    1
 Hardware stack levels required when called:    1
 This function calls:
		Nothing
 This function is called by:
		_send_nr
 This function uses a non-reentrant model


 *************** function ___lwdiv *****************
 Defined at:
		line 6 in file "C:\Program Files (x86)\Microchip\xc8\v1.33\sources\common\lwdiv.c"
 Parameters:    Size  Location     Type
  divisor         2    0[BANK0 ] unsigned int 
  dividend        2    2[BANK0 ] unsigned int 
 Auto vars:     Size  Location     Type
  quotient        2    5[BANK0 ] unsigned int 
  counter         1    7[BANK0 ] unsigned char 
 Return value:  Size  Location     Type
                  2    0[BANK0 ] unsigned int 
 Registers used:
		wreg, status,2, status,0
 Tracked objects:
		On entry : 
		On exit  : 
		Unchanged: 
 Data sizes:     COMMON   BANK0   BANK1   BANK3   BANK2
      Params:         0       4       0       0       0
      Locals:         0       3       0       0       0
      Temps:          0       1       0       0       0
      Totals:         0       8       0       0       0
Total ram usage:        8 bytes
 Hardware stack levels used:    1
 Hardware stack levels required when called:    1
 This function calls:
		Nothing
 This function is called by:
		_send_nr
 This function uses a non-reentrant model


 *************** function ___aldiv *****************
 Defined at:
		line 6 in file "C:\Program Files (x86)\Microchip\xc8\v1.33\sources\common\aldiv.c"
 Parameters:    Size  Location     Type
  divisor         4    0[BANK0 ] long 
  dividend        4    4[BANK0 ] long 
 Auto vars:     Size  Location     Type
  quotient        4   11[BANK0 ] long 
  sign            1   10[BANK0 ] unsigned char 
  counter         1    9[BANK0 ] unsigned char 
 Return value:  Size  Location     Type
                  4    0[BANK0 ] long 
 Registers used:
		wreg, status,2, status,0
 Tracked objects:
		On entry : 
		On exit  : 
		Unchanged: 
 Data sizes:     COMMON   BANK0   BANK1   BANK3   BANK2
      Params:         0       8       0       0       0
      Locals:         0       6       0       0       0
      Temps:          0       1       0       0       0
      Totals:         0      15       0       0       0
Total ram usage:       15 bytes
 Hardware stack levels used:    1
 Hardware stack levels required when called:    1
 This function calls:
		Nothing
 This function is called by:
		_send_nr
 This function uses a non-reentrant model


 *************** function ___lmul *****************
 Defined at:
		line 15 in file "C:\Program Files (x86)\Microchip\xc8\v1.33\sources\common\Umul32.c"
 Parameters:    Size  Location     Type
  multiplier      4    0[BANK0 ] unsigned long 
  multiplicand    4    4[BANK0 ] unsigned long 
 Auto vars:     Size  Location     Type
  product         4    9[BANK0 ] unsigned long 
 Return value:  Size  Location     Type
                  4    0[BANK0 ] unsigned long 
 Registers used:
		wreg, status,2, status,0
 Tracked objects:
		On entry : 
		On exit  : 
		Unchanged: 
 Data sizes:     COMMON   BANK0   BANK1   BANK3   BANK2
      Params:         0       8       0       0       0
      Locals:         0       4       0       0       0
      Temps:          0       1       0       0       0
      Totals:         0      13       0       0       0
Total ram usage:       13 bytes
 Hardware stack levels used:    1
 Hardware stack levels required when called:    1
 This function calls:
		Nothing
 This function is called by:
		_main
 This function uses a non-reentrant model


 *************** function ___lldiv *****************
 Defined at:
		line 6 in file "C:\Program Files (x86)\Microchip\xc8\v1.33\sources\common\lldiv.c"
 Parameters:    Size  Location     Type
  divisor         4   13[BANK0 ] unsigned long 
  dividend        4   17[BANK0 ] unsigned long 
 Auto vars:     Size  Location     Type
  quotient        4   22[BANK0 ] unsigned long 
  counter         1   26[BANK0 ] unsigned char 
 Return value:  Size  Location     Type
                  4   13[BANK0 ] unsigned long 
 Registers used:
		wreg, status,2, status,0
 Tracked objects:
		On entry : 
		On exit  : 
		Unchanged: 
 Data sizes:     COMMON   BANK0   BANK1   BANK3   BANK2
      Params:         0       8       0       0       0
      Locals:         0       5       0       0       0
      Temps:          0       1       0       0       0
      Totals:         0      14       0       0       0
Total ram usage:       14 bytes
 Hardware stack levels used:    1
 Hardware stack levels required when called:    1
 This function calls:
		Nothing
 This function is called by:
		_main
 This function uses a non-reentrant model


 *************** function _Init_PIC *****************
 Defined at:
		line 14 in file "E:\Work\Git\EBike_HW\SignalAcquisition\SW\PIC16F886\main.c"
 Parameters:    Size  Location     Type
		None
 Auto vars:     Size  Location     Type
		None
 Return value:  Size  Location     Type
		None               void
 Registers used:
		wreg, status,2, status,0, pclath, cstack
 Tracked objects:
		On entry : 
		On exit  : 
		Unchanged: 
 Data sizes:     COMMON   BANK0   BANK1   BANK3   BANK2
      Params:         0       0       0       0       0
      Locals:         0       0       0       0       0
      Temps:          0       0       0       0       0
      Totals:         0       0       0       0       0
Total ram usage:        0 bytes
 Hardware stack levels used:    1
 Hardware stack levels required when called:    2
 This function calls:
		_Init_ADC
		_Init_UART
 This function is called by:
		_main
 This function uses a non-reentrant model


 *************** function _Init_UART *****************
 Defined at:
		line 3 in file "E:\Work\Git\EBike_HW\SignalAcquisition\SW\PIC16F886\uart.c"
 Parameters:    Size  Location     Type
		None
 Auto vars:     Size  Location     Type
		None
 Return value:  Size  Location     Type
		None               void
 Registers used:
		wreg
 Tracked objects:
		On entry : 
		On exit  : 
		Unchanged: 
 Data sizes:     COMMON   BANK0   BANK1   BANK3   BANK2
      Params:         0       0       0       0       0
      Locals:         0       0       0       0       0
      Temps:          0       0       0       0       0
      Totals:         0       0       0       0       0
Total ram usage:        0 bytes
 Hardware stack levels used:    1
 Hardware stack levels required when called:    1
 This function calls:
		Nothing
 This function is called by:
		_Init_PIC
 This function uses a non-reentrant model


 *************** function _Init_ADC *****************
 Defined at:
		line 3 in file "E:\Work\Git\EBike_HW\SignalAcquisition\SW\PIC16F886\adc.c"
 Parameters:    Size  Location     Type
		None
 Auto vars:     Size  Location     Type
		None
 Return value:  Size  Location     Type
		None               void
 Registers used:
		wreg, status,2
 Tracked objects:
		On entry : 
		On exit  : 
		Unchanged: 
 Data sizes:     COMMON   BANK0   BANK1   BANK3   BANK2
      Params:         0       0       0       0       0
      Locals:         0       0       0       0       0
      Temps:          0       0       0       0       0
      Totals:         0       0       0       0       0
Total ram usage:        0 bytes
 Hardware stack levels used:    1
 Hardware stack levels required when called:    1
 This function calls:
		Nothing
 This function is called by:
		_Init_PIC
 This function uses a non-reentrant model


 *************** function _Citeste_ADC *****************
 Defined at:
		line 18 in file "E:\Work\Git\EBike_HW\SignalAcquisition\SW\PIC16F886\adc.c"
 Parameters:    Size  Location     Type
  z               2    0[BANK0 ] unsigned int 
 Auto vars:     Size  Location     Type
		None
 Return value:  Size  Location     Type
                  2    0[BANK0 ] unsigned int 
 Registers used:
		wreg, fsr0l, fsr0h, status,2, status,0
 Tracked objects:
		On entry : 
		On exit  : 
		Unchanged: 
 Data sizes:     COMMON   BANK0   BANK1   BANK3   BANK2
      Params:         0       2       0       0       0
      Locals:         0       0       0       0       0
      Temps:          0       0       0       0       0
      Totals:         0       2       0       0       0
Total ram usage:        2 bytes
 Hardware stack levels used:    1
 Hardware stack levels required when called:    1
 This function calls:
		Nothing
 This function is called by:
		_main
 This function uses a non-reentrant model


 *************** function _ISR *****************
 Defined at:
		line 73 in file "E:\Work\Git\EBike_HW\SignalAcquisition\SW\PIC16F886\main.c"
 Parameters:    Size  Location     Type
		None
 Auto vars:     Size  Location     Type
		None
 Return value:  Size  Location     Type
		None               void
 Registers used:
		wreg
 Tracked objects:
		On entry : 
		On exit  : 
		Unchanged: 
 Data sizes:     COMMON   BANK0   BANK1   BANK3   BANK2
      Params:         0       0       0       0       0
      Locals:         0       0       0       0       0
      Temps:          8       0       0       0       0
      Totals:         8       0       0       0       0
Total ram usage:        8 bytes
 Hardware stack levels used:    1
 This function calls:
		Nothing
 This function is called by:
		Interrupt level 1
 This function uses a non-reentrant model



MODULE INFORMATION

Module		Function		Class		Link	Load	Size
C:\Program Files (x86)\Microchip\xc8\v1.33\sources\common\lwmod.c
		___lwmod       		CODE           	0597	0000	54

C:\Program Files (x86)\Microchip\xc8\v1.33\sources\common\lwmod.c estimated size: 54

E:\Work\Git\EBike_HW\SignalAcquisition\SW\PIC16F886\adc.c
		_Init_ADC      		CODE           	065B	0000	30
		_Citeste_ADC   		CODE           	0601	0000	50

E:\Work\Git\EBike_HW\SignalAcquisition\SW\PIC16F886\adc.c estimated size: 80

E:\Work\Git\EBike_HW\SignalAcquisition\SW\PIC16F886\main.c
		_ISR           		CODE           	05CD	0000	52
		_main          		CODE           	0026	0000	647
		_Init_PIC      		CODE           	0633	0000	40

E:\Work\Git\EBike_HW\SignalAcquisition\SW\PIC16F886\main.c estimated size: 739

C:\Program Files (x86)\Microchip\xc8\v1.33\sources\common\Umul32.c
		___lmul        		CODE           	0516	0000	65

C:\Program Files (x86)\Microchip\xc8\v1.33\sources\common\Umul32.c estimated size: 65

C:\Program Files (x86)\Microchip\xc8\v1.33\sources\common\lwdiv.c
		___lwdiv       		CODE           	0557	0000	64

C:\Program Files (x86)\Microchip\xc8\v1.33\sources\common\lwdiv.c estimated size: 64

C:\Program Files (x86)\Microchip\xc8\v1.33\sources\common\lldiv.c
		___lldiv       		CODE           	045B	0000	96

C:\Program Files (x86)\Microchip\xc8\v1.33\sources\common\lldiv.c estimated size: 96

shared
		__initializatio		CODE           	0015	0000	13

shared estimated size: 13

C:\Program Files (x86)\Microchip\xc8\v1.33\sources\common\aldiv.c
		___aldiv       		CODE           	03CC	0000	143

C:\Program Files (x86)\Microchip\xc8\v1.33\sources\common\aldiv.c estimated size: 143

E:\Work\Git\EBike_HW\SignalAcquisition\SW\PIC16F886\uart.c
		_Init_UART     		CODE           	0679	0000	25
		_send_nr       		CODE           	02AD	0000	287
		_uart_send     		CODE           	069A	0000	8
		_nr            		CODE           	04BB	0000	91

E:\Work\Git\EBike_HW\SignalAcquisition\SW\PIC16F886\uart.c estimated size: 411

